stm32f4xx_ll_gpio.h:274:22:LL_GPIO_SetPinMode	56	static
stm32f4xx_ll_gpio.h:343:22:LL_GPIO_SetPinOutputType	24	static
stm32f4xx_ll_gpio.h:414:22:LL_GPIO_SetPinSpeed	56	static
stm32f4xx_ll_gpio.h:485:22:LL_GPIO_SetPinPull	56	static
stm32f4xx_ll_exti.h:269:22:LL_EXTI_EnableIT_0_31	16	static
stm32f4xx_ll_exti.h:530:22:LL_EXTI_EnableRisingTrig_0_31	16	static
stm32f4xx_ll_exti.h:574:22:LL_EXTI_DisableRisingTrig_0_31	16	static
stm32f4xx_ll_exti.h:662:22:LL_EXTI_EnableFallingTrig_0_31	16	static
stm32f4xx_ll_exti.h:704:22:LL_EXTI_DisableFallingTrig_0_31	16	static
stm32f4xx_ll_exti.h:911:22:LL_EXTI_ClearFlag_0_31	16	static
stm32f4xx_ll_bus.h:1706:22:LL_APB2_GRP1_EnableClock	24	static
stm32f4xx_ll_system.h:670:22:LL_SYSCFG_SetEXTISource	32	static
common_f4.c:20:6:GPIO_ClockEnable	24	static
common_f4.c:26:6:GPIO_ClockDisable	24	static
common_f4.c:32:15:GPIO_GetPort	24	static
common_f4.c:39:10:GPIO_GetPin	16	static
common_f4.c:44:10:GPIO_GetPinSource	24	static
common_f4.c:59:6:GPIO_SetAFpin	24	static
common_f4.c:73:6:GPIO_ConfigPin	24	static
common_f4.c:86:6:EXTI_Config	24	static
common_f4.c:141:7:vsqrtf	24	static
