stm32f4xx_ll_spi.h:298:22:LL_SPI_Enable	16	static
stm32f4xx_ll_spi.h:310:22:LL_SPI_Disable	16	static
stm32f4xx_ll_spi.h:337:22:LL_SPI_SetMode	16	static
stm32f4xx_ll_spi.h:395:22:LL_SPI_SetClockPhase	16	static
stm32f4xx_ll_spi.h:424:22:LL_SPI_SetClockPolarity	16	static
stm32f4xx_ll_spi.h:458:22:LL_SPI_SetBaudRatePrescaler	16	static
stm32f4xx_ll_spi.h:492:22:LL_SPI_SetTransferBitOrder	16	static
stm32f4xx_ll_spi.h:525:22:LL_SPI_SetTransferDirection	16	static
stm32f4xx_ll_spi.h:556:22:LL_SPI_SetDataWidth	16	static
stm32f4xx_ll_spi.h:601:22:LL_SPI_DisableCRC	16	static
stm32f4xx_ll_spi.h:695:22:LL_SPI_SetNSSMode	16	static
stm32f4xx_ll_spi.h:743:26:LL_SPI_IsActiveFlag_TXE	16	static
stm32f4xx_ll_spi.h:794:26:LL_SPI_IsActiveFlag_BSY	16	static
stm32f4xx_ll_spi.h:1099:22:LL_SPI_TransmitData8	24	static
stm32f4xx_ll_bus.h:1187:22:LL_APB1_GRP1_EnableClock	24	static
stm32f4xx_ll_bus.h:1706:22:LL_APB2_GRP1_EnableClock	24	static
spi_f4.c:42:6:spi_Init	40	static
spi_f4.c:90:6:spi_TransactionBegin	16	static
spi_f4.c:96:6:spi_TransactionEnd	16	static
spi_f4.c:102:6:spi_SendData16	16	static
spi_f4.c:110:9:spi_SendData8	16	static
spi_f4.c:122:6:spi_WriteBidirectionalByte	16	static
spi_f4.c:130:9:spi_ReadBidirectionalByte	24	static
spi_f4.c:139:6:spi_SetPrescaler	16	static
spi_f4.c:148:10:spi_CalculatePrescaler	32	static
spi_f4.c:166:10:spi_GetPrescalerDivider	24	static
spi_f4.c:173:6:spi_SetMode	16	static
spi_f4.c:182:6:spi_WaitForNoBusy	16	static
spi_f4.c:187:6:spi_SetDirection	16	static
