Archive member included to satisfy reference by file (symbol)

c:/program files (x86)/atollic/truestudio for stm32 9.3.0/armtools/bin/../lib/gcc/arm-atollic-eabi/6.3.1/../../../../arm-atollic-eabi/lib/armv7e-m/fpu\libc_nano.a(lib_a-init.o)
                              src\startup_stm32f40xx.o (__libc_init_array)
c:/program files (x86)/atollic/truestudio for stm32 9.3.0/armtools/bin/../lib/gcc/arm-atollic-eabi/6.3.1/../../../../arm-atollic-eabi/lib/armv7e-m/fpu\libc_nano.a(lib_a-strlen.o)
                              src\tiny_printf.o (strlen)
c:/program files (x86)/atollic/truestudio for stm32 9.3.0/armtools/bin/../lib/gcc/arm-atollic-eabi/6.3.1/../../../../arm-atollic-eabi/lib/armv7e-m/fpu\libnosys.a(write.o)
                              src\tiny_printf.o (_write)
c:/program files (x86)/atollic/truestudio for stm32 9.3.0/armtools/bin/../lib/gcc/arm-atollic-eabi/6.3.1/../../../../arm-atollic-eabi/lib/armv7e-m/fpu\libnosys.a(errno.o)
                              c:/program files (x86)/atollic/truestudio for stm32 9.3.0/armtools/bin/../lib/gcc/arm-atollic-eabi/6.3.1/../../../../arm-atollic-eabi/lib/armv7e-m/fpu\libnosys.a(write.o) (errno)

Allocating common symbols
Common symbol       size              file

errno               0x4               c:/program files (x86)/atollic/truestudio for stm32 9.3.0/armtools/bin/../lib/gcc/arm-atollic-eabi/6.3.1/../../../../arm-atollic-eabi/lib/armv7e-m/fpu\libnosys.a(errno.o)

Memory Configuration

Name             Origin             Length             Attributes
RAM              0x20000004         0x00010000         xrw
*default*        0x00000000         0xffffffff

Linker script and memory map

LOAD c:/program files (x86)/atollic/truestudio for stm32 9.3.0/armtools/bin/../lib/gcc/arm-atollic-eabi/6.3.1/armv7e-m/fpu/crti.o
LOAD c:/program files (x86)/atollic/truestudio for stm32 9.3.0/armtools/bin/../lib/gcc/arm-atollic-eabi/6.3.1/armv7e-m/fpu/crtbegin.o
LOAD Libraries\LL_Driver\Src\stm32f4xx_ll_rcc.o
LOAD src\Dev_Inf.o
LOAD src\Flash25.o
LOAD src\Loader_Src.o
LOAD src\common_f4.o
LOAD src\main.o
LOAD src\spi_f4.o
LOAD src\startup_stm32f40xx.o
LOAD src\stm32f4xx_it.o
LOAD src\system_stm32f4xx.o
LOAD src\tiny_printf.o
                0x00000080                malloc_getpagesize_P = 0x80
START GROUP
LOAD c:/program files (x86)/atollic/truestudio for stm32 9.3.0/armtools/bin/../lib/gcc/arm-atollic-eabi/6.3.1/../../../../arm-atollic-eabi/lib/armv7e-m/fpu\libc_nano.a
LOAD c:/program files (x86)/atollic/truestudio for stm32 9.3.0/armtools/bin/../lib/gcc/arm-atollic-eabi/6.3.1/../../../../arm-atollic-eabi/lib/armv7e-m/fpu\libm.a
END GROUP
START GROUP
LOAD c:/program files (x86)/atollic/truestudio for stm32 9.3.0/armtools/bin/../lib/gcc/arm-atollic-eabi/6.3.1/armv7e-m/fpu\libgcc.a
LOAD c:/program files (x86)/atollic/truestudio for stm32 9.3.0/armtools/bin/../lib/gcc/arm-atollic-eabi/6.3.1/../../../../arm-atollic-eabi/lib/armv7e-m/fpu\libc_nano.a
END GROUP
START GROUP
LOAD c:/program files (x86)/atollic/truestudio for stm32 9.3.0/armtools/bin/../lib/gcc/arm-atollic-eabi/6.3.1/armv7e-m/fpu\libgcc.a
LOAD c:/program files (x86)/atollic/truestudio for stm32 9.3.0/armtools/bin/../lib/gcc/arm-atollic-eabi/6.3.1/../../../../arm-atollic-eabi/lib/armv7e-m/fpu\libc_nano.a
LOAD c:/program files (x86)/atollic/truestudio for stm32 9.3.0/armtools/bin/../lib/gcc/arm-atollic-eabi/6.3.1/../../../../arm-atollic-eabi/lib/armv7e-m/fpu\libnosys.a
END GROUP
START GROUP
LOAD c:/program files (x86)/atollic/truestudio for stm32 9.3.0/armtools/bin/../lib/gcc/arm-atollic-eabi/6.3.1/armv7e-m/fpu\libgcc.a
LOAD c:/program files (x86)/atollic/truestudio for stm32 9.3.0/armtools/bin/../lib/gcc/arm-atollic-eabi/6.3.1/../../../../arm-atollic-eabi/lib/armv7e-m/fpu\libc_nano.a
LOAD c:/program files (x86)/atollic/truestudio for stm32 9.3.0/armtools/bin/../lib/gcc/arm-atollic-eabi/6.3.1/../../../../arm-atollic-eabi/lib/armv7e-m/fpu\libnosys.a
END GROUP
LOAD c:/program files (x86)/atollic/truestudio for stm32 9.3.0/armtools/bin/../lib/gcc/arm-atollic-eabi/6.3.1/armv7e-m/fpu/crtend.o
LOAD c:/program files (x86)/atollic/truestudio for stm32 9.3.0/armtools/bin/../lib/gcc/arm-atollic-eabi/6.3.1/armv7e-m/fpu/crtn.o
                0x20010004                _estack = (ORIGIN (RAM) + LENGTH (RAM))
                0x00000200                _Min_Heap_Size = 0x200
                0x00000400                _Min_Stack_Size = 0x400

.isr_vector     0x20000004      0x384
                0x20000200                . = (. + 0x1fc)
 *fill*         0x20000004      0x1fc 
                0x20000200                . = ALIGN (0x4)
 *(.isr_vector)
 .isr_vector    0x20000200      0x188 src\startup_stm32f40xx.o
                0x20000200                g_pfnVectors
                0x20000388                . = ALIGN (0x4)

.ARM.extab
 *(.ARM.extab* .gnu.linkonce.armextab.*)

.ARM            0x20000388        0x0
                0x20000388                __exidx_start = .
 *(.ARM.exidx*)
                0x20000388                __exidx_end = .

.preinit_array  0x20000388        0x0
                0x20000388                PROVIDE (__preinit_array_start, .)
 *(.preinit_array*)
                0x20000388                PROVIDE (__preinit_array_end, .)

.init_array     0x20000388        0x4
                0x20000388                PROVIDE (__init_array_start, .)
 *(SORT(.init_array.*))
 *(.init_array*)
 .init_array    0x20000388        0x4 c:/program files (x86)/atollic/truestudio for stm32 9.3.0/armtools/bin/../lib/gcc/arm-atollic-eabi/6.3.1/armv7e-m/fpu/crtbegin.o
                0x2000038c                PROVIDE (__init_array_end, .)

.fini_array     0x2000038c        0x4
                [!provide]                PROVIDE (__fini_array_start, .)
 *(SORT(.fini_array.*))
 *(.fini_array*)
 .fini_array    0x2000038c        0x4 c:/program files (x86)/atollic/truestudio for stm32 9.3.0/armtools/bin/../lib/gcc/arm-atollic-eabi/6.3.1/armv7e-m/fpu/crtbegin.o
                [!provide]                PROVIDE (__fini_array_end, .)
                0x20000390                _sidata = LOADADDR (.data)

.data           0x20000390       0x60
                0x20000390                . = ALIGN (0x4)
                0x20000390                _sdata = .
 *(.data)
 .data          0x20000390        0x0 c:/program files (x86)/atollic/truestudio for stm32 9.3.0/armtools/bin/../lib/gcc/arm-atollic-eabi/6.3.1/armv7e-m/fpu/crti.o
 .data          0x20000390        0x4 c:/program files (x86)/atollic/truestudio for stm32 9.3.0/armtools/bin/../lib/gcc/arm-atollic-eabi/6.3.1/armv7e-m/fpu/crtbegin.o
                0x20000390                __dso_handle
 .data          0x20000394        0x0 Libraries\LL_Driver\Src\stm32f4xx_ll_rcc.o
 .data          0x20000394        0x0 src\Dev_Inf.o
 .data          0x20000394        0x0 src\Flash25.o
 .data          0x20000394        0x0 src\Loader_Src.o
 .data          0x20000394        0x0 src\common_f4.o
 .data          0x20000394        0x0 src\main.o
 .data          0x20000394        0x0 src\spi_f4.o
 .data          0x20000394        0x0 src\startup_stm32f40xx.o
 .data          0x20000394        0x0 src\stm32f4xx_it.o
 .data          0x20000394        0x0 src\system_stm32f4xx.o
 .data          0x20000394        0x0 src\tiny_printf.o
 .data          0x20000394        0x0 c:/program files (x86)/atollic/truestudio for stm32 9.3.0/armtools/bin/../lib/gcc/arm-atollic-eabi/6.3.1/../../../../arm-atollic-eabi/lib/armv7e-m/fpu\libc_nano.a(lib_a-init.o)
 .data          0x20000394        0x0 c:/program files (x86)/atollic/truestudio for stm32 9.3.0/armtools/bin/../lib/gcc/arm-atollic-eabi/6.3.1/../../../../arm-atollic-eabi/lib/armv7e-m/fpu\libc_nano.a(lib_a-strlen.o)
 .data          0x20000394        0x0 c:/program files (x86)/atollic/truestudio for stm32 9.3.0/armtools/bin/../lib/gcc/arm-atollic-eabi/6.3.1/../../../../arm-atollic-eabi/lib/armv7e-m/fpu\libnosys.a(write.o)
 .data          0x20000394        0x0 c:/program files (x86)/atollic/truestudio for stm32 9.3.0/armtools/bin/../lib/gcc/arm-atollic-eabi/6.3.1/../../../../arm-atollic-eabi/lib/armv7e-m/fpu\libnosys.a(errno.o)
 .data          0x20000394        0x0 c:/program files (x86)/atollic/truestudio for stm32 9.3.0/armtools/bin/../lib/gcc/arm-atollic-eabi/6.3.1/armv7e-m/fpu/crtend.o
 .data          0x20000394        0x0 c:/program files (x86)/atollic/truestudio for stm32 9.3.0/armtools/bin/../lib/gcc/arm-atollic-eabi/6.3.1/armv7e-m/fpu/crtn.o
 *(.data*)
 .data.g_pSpi1  0x20000394        0x4 src\Loader_Src.o
 .data._spi1_drv
                0x20000398       0x1c src\spi_f4.o
                0x20000398                _spi1_drv
 .data._spi2_drv
                0x200003b4       0x1c src\spi_f4.o
                0x200003b4                _spi2_drv
 .data._spi3_drv
                0x200003d0       0x1c src\spi_f4.o
                0x200003d0                _spi3_drv
 .data.SystemCoreClock
                0x200003ec        0x4 src\system_stm32f4xx.o
                0x200003ec                SystemCoreClock
                0x200003f0                . = ALIGN (0x4)
                0x200003f0                _edata = .

.igot.plt       0x200003f0        0x0
 .igot.plt      0x200003f0        0x0 c:/program files (x86)/atollic/truestudio for stm32 9.3.0/armtools/bin/../lib/gcc/arm-atollic-eabi/6.3.1/armv7e-m/fpu/crtbegin.o
                0x200003f0                . = ALIGN (0x4)

.bss            0x200003f0       0x34
                0x200003f0                _sbss = .
                0x200003f0                __bss_start__ = _sbss
 *(.bss)
 .bss           0x200003f0        0x0 c:/program files (x86)/atollic/truestudio for stm32 9.3.0/armtools/bin/../lib/gcc/arm-atollic-eabi/6.3.1/armv7e-m/fpu/crti.o
 .bss           0x200003f0       0x1c c:/program files (x86)/atollic/truestudio for stm32 9.3.0/armtools/bin/../lib/gcc/arm-atollic-eabi/6.3.1/armv7e-m/fpu/crtbegin.o
 .bss           0x2000040c        0x0 Libraries\LL_Driver\Src\stm32f4xx_ll_rcc.o
 .bss           0x2000040c        0x0 src\Dev_Inf.o
 .bss           0x2000040c        0x0 src\Flash25.o
 .bss           0x2000040c        0x0 src\Loader_Src.o
 .bss           0x2000040c        0x0 src\common_f4.o
 .bss           0x2000040c        0x0 src\main.o
 .bss           0x2000040c        0x0 src\spi_f4.o
 .bss           0x2000040c        0x0 src\startup_stm32f40xx.o
 .bss           0x2000040c        0x0 src\stm32f4xx_it.o
 .bss           0x2000040c        0x0 src\system_stm32f4xx.o
 .bss           0x2000040c        0x0 src\tiny_printf.o
 .bss           0x2000040c        0x0 c:/program files (x86)/atollic/truestudio for stm32 9.3.0/armtools/bin/../lib/gcc/arm-atollic-eabi/6.3.1/../../../../arm-atollic-eabi/lib/armv7e-m/fpu\libc_nano.a(lib_a-init.o)
 .bss           0x2000040c        0x0 c:/program files (x86)/atollic/truestudio for stm32 9.3.0/armtools/bin/../lib/gcc/arm-atollic-eabi/6.3.1/../../../../arm-atollic-eabi/lib/armv7e-m/fpu\libc_nano.a(lib_a-strlen.o)
 .bss           0x2000040c        0x0 c:/program files (x86)/atollic/truestudio for stm32 9.3.0/armtools/bin/../lib/gcc/arm-atollic-eabi/6.3.1/../../../../arm-atollic-eabi/lib/armv7e-m/fpu\libnosys.a(write.o)
 .bss           0x2000040c        0x0 c:/program files (x86)/atollic/truestudio for stm32 9.3.0/armtools/bin/../lib/gcc/arm-atollic-eabi/6.3.1/../../../../arm-atollic-eabi/lib/armv7e-m/fpu\libnosys.a(errno.o)
 .bss           0x2000040c        0x0 c:/program files (x86)/atollic/truestudio for stm32 9.3.0/armtools/bin/../lib/gcc/arm-atollic-eabi/6.3.1/armv7e-m/fpu/crtend.o
 .bss           0x2000040c        0x0 c:/program files (x86)/atollic/truestudio for stm32 9.3.0/armtools/bin/../lib/gcc/arm-atollic-eabi/6.3.1/armv7e-m/fpu/crtn.o
 *(.bss*)
 .bss.g_nPages  0x2000040c        0x4 src\Flash25.o
 .bss.g_nSectors
                0x20000410        0x4 src\Flash25.o
 .bss.g_pTypeString
                0x20000414        0x4 src\Flash25.o
 .bss.g_pSpi    0x20000418        0x4 src\Flash25.o
 .bss.g_eCS     0x2000041c        0x1 src\Flash25.o
 .bss.g_eSpiPrescaler
                0x2000041d        0x1 src\Flash25.o
 *(COMMON)
 *fill*         0x2000041e        0x2 
 COMMON         0x20000420        0x4 c:/program files (x86)/atollic/truestudio for stm32 9.3.0/armtools/bin/../lib/gcc/arm-atollic-eabi/6.3.1/../../../../arm-atollic-eabi/lib/armv7e-m/fpu\libnosys.a(errno.o)
                0x20000420                errno
                0x20000424                . = ALIGN (0x4)
                0x20000424                _ebss = .
                0x20000424                __bss_end__ = _ebss

.text           0x20000424     0x2500
                0x20000424                . = ALIGN (0x4)
 *(.text)
 .text          0x20000424        0x0 c:/program files (x86)/atollic/truestudio for stm32 9.3.0/armtools/bin/../lib/gcc/arm-atollic-eabi/6.3.1/armv7e-m/fpu/crti.o
 .text          0x20000424       0x40 c:/program files (x86)/atollic/truestudio for stm32 9.3.0/armtools/bin/../lib/gcc/arm-atollic-eabi/6.3.1/armv7e-m/fpu/crtbegin.o
 .text          0x20000464        0x0 Libraries\LL_Driver\Src\stm32f4xx_ll_rcc.o
 .text          0x20000464        0x0 src\Dev_Inf.o
 .text          0x20000464        0x0 src\Flash25.o
 .text          0x20000464        0x0 src\Loader_Src.o
 .text          0x20000464        0x0 src\common_f4.o
 .text          0x20000464        0x0 src\main.o
 .text          0x20000464        0x0 src\spi_f4.o
 .text          0x20000464       0x14 src\startup_stm32f40xx.o
 .text          0x20000478        0x0 src\stm32f4xx_it.o
 .text          0x20000478        0x0 src\system_stm32f4xx.o
 .text          0x20000478        0x0 src\tiny_printf.o
 .text          0x20000478        0x0 c:/program files (x86)/atollic/truestudio for stm32 9.3.0/armtools/bin/../lib/gcc/arm-atollic-eabi/6.3.1/../../../../arm-atollic-eabi/lib/armv7e-m/fpu\libc_nano.a(lib_a-init.o)
 .text          0x20000478       0x10 c:/program files (x86)/atollic/truestudio for stm32 9.3.0/armtools/bin/../lib/gcc/arm-atollic-eabi/6.3.1/../../../../arm-atollic-eabi/lib/armv7e-m/fpu\libc_nano.a(lib_a-strlen.o)
                0x20000478                strlen
 .text          0x20000488        0x0 c:/program files (x86)/atollic/truestudio for stm32 9.3.0/armtools/bin/../lib/gcc/arm-atollic-eabi/6.3.1/../../../../arm-atollic-eabi/lib/armv7e-m/fpu\libnosys.a(write.o)
 .text          0x20000488        0x0 c:/program files (x86)/atollic/truestudio for stm32 9.3.0/armtools/bin/../lib/gcc/arm-atollic-eabi/6.3.1/../../../../arm-atollic-eabi/lib/armv7e-m/fpu\libnosys.a(errno.o)
 .text          0x20000488        0x0 c:/program files (x86)/atollic/truestudio for stm32 9.3.0/armtools/bin/../lib/gcc/arm-atollic-eabi/6.3.1/armv7e-m/fpu/crtend.o
 .text          0x20000488        0x0 c:/program files (x86)/atollic/truestudio for stm32 9.3.0/armtools/bin/../lib/gcc/arm-atollic-eabi/6.3.1/armv7e-m/fpu/crtn.o
 *(.text*)
 .text.LL_RCC_HSI_Enable
                0x20000488       0x20 Libraries\LL_Driver\Src\stm32f4xx_ll_rcc.o
 .text.LL_RCC_HSI_IsReady
                0x200004a8       0x24 Libraries\LL_Driver\Src\stm32f4xx_ll_rcc.o
 .text.LL_RCC_HSI_SetCalibTrimming
                0x200004cc       0x2c Libraries\LL_Driver\Src\stm32f4xx_ll_rcc.o
 .text.LL_RCC_GetSysClkSource
                0x200004f8       0x1c Libraries\LL_Driver\Src\stm32f4xx_ll_rcc.o
 .text.LL_RCC_GetAHBPrescaler
                0x20000514       0x1c Libraries\LL_Driver\Src\stm32f4xx_ll_rcc.o
 .text.LL_RCC_GetAPB1Prescaler
                0x20000530       0x1c Libraries\LL_Driver\Src\stm32f4xx_ll_rcc.o
 .text.LL_RCC_GetAPB2Prescaler
                0x2000054c       0x1c Libraries\LL_Driver\Src\stm32f4xx_ll_rcc.o
 .text.LL_RCC_GetI2SClockSource
                0x20000568       0x20 Libraries\LL_Driver\Src\stm32f4xx_ll_rcc.o
 .text.LL_RCC_PLL_IsReady
                0x20000588       0x28 Libraries\LL_Driver\Src\stm32f4xx_ll_rcc.o
 .text.LL_RCC_PLL_GetMainSource
                0x200005b0       0x1c Libraries\LL_Driver\Src\stm32f4xx_ll_rcc.o
 .text.LL_RCC_PLL_GetN
                0x200005cc       0x1c Libraries\LL_Driver\Src\stm32f4xx_ll_rcc.o
 .text.LL_RCC_PLL_GetP
                0x200005e8       0x1c Libraries\LL_Driver\Src\stm32f4xx_ll_rcc.o
 .text.LL_RCC_PLL_GetQ
                0x20000604       0x1c Libraries\LL_Driver\Src\stm32f4xx_ll_rcc.o
 .text.LL_RCC_PLL_GetDivider
                0x20000620       0x1c Libraries\LL_Driver\Src\stm32f4xx_ll_rcc.o
 .text.LL_RCC_PLLI2S_IsReady
                0x2000063c       0x28 Libraries\LL_Driver\Src\stm32f4xx_ll_rcc.o
 .text.LL_RCC_PLLI2S_GetN
                0x20000664       0x20 Libraries\LL_Driver\Src\stm32f4xx_ll_rcc.o
 .text.LL_RCC_PLLI2S_GetR
                0x20000684       0x1c Libraries\LL_Driver\Src\stm32f4xx_ll_rcc.o
 .text.LL_RCC_PLLI2S_GetDivider
                0x200006a0       0x1c Libraries\LL_Driver\Src\stm32f4xx_ll_rcc.o
 .text.LL_RCC_PLLI2S_GetMainSource
                0x200006bc       0x1c Libraries\LL_Driver\Src\stm32f4xx_ll_rcc.o
 .text.LL_RCC_DeInit
                0x200006d8       0xbc Libraries\LL_Driver\Src\stm32f4xx_ll_rcc.o
                0x200006d8                LL_RCC_DeInit
 .text.LL_RCC_GetSystemClocksFreq
                0x20000794       0x4a Libraries\LL_Driver\Src\stm32f4xx_ll_rcc.o
                0x20000794                LL_RCC_GetSystemClocksFreq
 *fill*         0x200007de        0x2 
 .text.LL_RCC_GetI2SClockFreq
                0x200007e0       0x48 Libraries\LL_Driver\Src\stm32f4xx_ll_rcc.o
                0x200007e0                LL_RCC_GetI2SClockFreq
 .text.LL_RCC_GetSDIOClockFreq
                0x20000828       0x2e Libraries\LL_Driver\Src\stm32f4xx_ll_rcc.o
                0x20000828                LL_RCC_GetSDIOClockFreq
 .text.LL_RCC_GetUSBClockFreq
                0x20000856       0x26 Libraries\LL_Driver\Src\stm32f4xx_ll_rcc.o
                0x20000856                LL_RCC_GetUSBClockFreq
 .text.RCC_GetSystemClockFreq
                0x2000087c       0x4c Libraries\LL_Driver\Src\stm32f4xx_ll_rcc.o
                0x2000087c                RCC_GetSystemClockFreq
 .text.RCC_GetHCLKClockFreq
                0x200008c8       0x2c Libraries\LL_Driver\Src\stm32f4xx_ll_rcc.o
                0x200008c8                RCC_GetHCLKClockFreq
 .text.RCC_GetPCLK1ClockFreq
                0x200008f4       0x28 Libraries\LL_Driver\Src\stm32f4xx_ll_rcc.o
                0x200008f4                RCC_GetPCLK1ClockFreq
 .text.RCC_GetPCLK2ClockFreq
                0x2000091c       0x28 Libraries\LL_Driver\Src\stm32f4xx_ll_rcc.o
                0x2000091c                RCC_GetPCLK2ClockFreq
 .text.RCC_PLL_GetFreqDomain_SYS
                0x20000944       0x7c Libraries\LL_Driver\Src\stm32f4xx_ll_rcc.o
                0x20000944                RCC_PLL_GetFreqDomain_SYS
 .text.RCC_PLL_GetFreqDomain_48M
                0x200009c0       0x68 Libraries\LL_Driver\Src\stm32f4xx_ll_rcc.o
                0x200009c0                RCC_PLL_GetFreqDomain_48M
 .text.RCC_PLLI2S_GetFreqDomain_I2S
                0x20000a28       0x64 Libraries\LL_Driver\Src\stm32f4xx_ll_rcc.o
                0x20000a28                RCC_PLLI2S_GetFreqDomain_I2S
 .text.Flash25_Init
                0x20000a8c       0xa0 src\Flash25.o
                0x20000a8c                Flash25_Init
 .text.Flash25_GetStatus
                0x20000b2c       0x58 src\Flash25.o
                0x20000b2c                Flash25_GetStatus
 .text.Flash25_ReadData
                0x20000b84       0x6c src\Flash25.o
                0x20000b84                Flash25_ReadData
 .text.Flash25_WriteData
                0x20000bf0       0xbc src\Flash25.o
                0x20000bf0                Flash25_WriteData
 .text.Flash25_SectorErase
                0x20000cac       0x64 src\Flash25.o
                0x20000cac                Flash25_SectorErase
 .text.Flash25_Block32Erase
                0x20000d10       0x64 src\Flash25.o
                0x20000d10                Flash25_Block32Erase
 .text.Flash25_Block64Erase
                0x20000d74       0x64 src\Flash25.o
                0x20000d74                Flash25_Block64Erase
 .text.Flash25_ChipErase
                0x20000dd8       0x50 src\Flash25.o
                0x20000dd8                Flash25_ChipErase
 .text.Flash25_WriteEnable
                0x20000e28       0x38 src\Flash25.o
                0x20000e28                Flash25_WriteEnable
 .text.FlashF25_WriteDisable
                0x20000e60       0x38 src\Flash25.o
                0x20000e60                FlashF25_WriteDisable
 .text.FlashF25_GetID
                0x20000e98       0x84 src\Flash25.o
                0x20000e98                FlashF25_GetID
 .text.FlashF25_GetTypeString
                0x20000f1c       0x18 src\Flash25.o
                0x20000f1c                FlashF25_GetTypeString
 .text.Flash25_IsPresent
                0x20000f34       0x8c src\Flash25.o
                0x20000f34                Flash25_IsPresent
 .text.Flash25_SetDeepPower
                0x20000fc0       0x38 src\Flash25.o
                0x20000fc0                Flash25_SetDeepPower
 .text.Flash25_GetSectors
                0x20000ff8       0x18 src\Flash25.o
                0x20000ff8                Flash25_GetSectors
 .text.Flash25_GetPages
                0x20001010       0x18 src\Flash25.o
                0x20001010                Flash25_GetPages
 .text.Flash25_Send24bit
                0x20001028       0x48 src\Flash25.o
                0x20001028                Flash25_Send24bit
 .text.LOC_LedOn
                0x20001070       0x1c src\Loader_Src.o
                0x20001070                LOC_LedOn
 .text.LOC_LedOff
                0x2000108c       0x1c src\Loader_Src.o
                0x2000108c                LOC_LedOff
 .text.Init     0x200010a8       0x74 src\Loader_Src.o
                0x200010a8                Init
 .text.Read     0x2000111c       0x44 src\Loader_Src.o
                0x2000111c                Read
 .text.Write    0x20001160       0x44 src\Loader_Src.o
                0x20001160                Write
 .text.MassErase
                0x200011a4       0x30 src\Loader_Src.o
                0x200011a4                MassErase
 .text.SectorErase
                0x200011d4       0x68 src\Loader_Src.o
                0x200011d4                SectorErase
 .text.CheckSum
                0x2000123c      0x12a src\Loader_Src.o
                0x2000123c                CheckSum
 .text.Verify   0x20001366       0xf0 src\Loader_Src.o
                0x20001366                Verify
 .text.LL_GPIO_SetPinMode
                0x20001456       0x6e src\common_f4.o
 .text.LL_GPIO_SetPinOutputType
                0x200014c4       0x30 src\common_f4.o
 .text.LL_GPIO_SetPinSpeed
                0x200014f4       0x6e src\common_f4.o
 .text.LL_GPIO_SetPinPull
                0x20001562       0x6e src\common_f4.o
 .text.LL_EXTI_EnableIT_0_31
                0x200015d0       0x24 src\common_f4.o
 .text.LL_EXTI_EnableRisingTrig_0_31
                0x200015f4       0x24 src\common_f4.o
 .text.LL_EXTI_DisableRisingTrig_0_31
                0x20001618       0x28 src\common_f4.o
 .text.LL_EXTI_EnableFallingTrig_0_31
                0x20001640       0x24 src\common_f4.o
 .text.LL_EXTI_DisableFallingTrig_0_31
                0x20001664       0x28 src\common_f4.o
 .text.LL_EXTI_ClearFlag_0_31
                0x2000168c       0x20 src\common_f4.o
 .text.LL_APB2_GRP1_EnableClock
                0x200016ac       0x30 src\common_f4.o
 .text.LL_SYSCFG_SetEXTISource
                0x200016dc       0x5c src\common_f4.o
 .text.GPIO_ClockEnable
                0x20001738       0x34 src\common_f4.o
                0x20001738                GPIO_ClockEnable
 .text.GPIO_ClockDisable
                0x2000176c       0x38 src\common_f4.o
                0x2000176c                GPIO_ClockDisable
 .text.GPIO_GetPort
                0x200017a4       0x28 src\common_f4.o
                0x200017a4                GPIO_GetPort
 .text.GPIO_GetPin
                0x200017cc       0x24 src\common_f4.o
                0x200017cc                GPIO_GetPin
 .text.GPIO_GetPinSource
                0x200017f0       0x30 src\common_f4.o
                0x200017f0                GPIO_GetPinSource
 .text.GPIO_SetAFpin
                0x20001820       0xaa src\common_f4.o
                0x20001820                GPIO_SetAFpin
 .text.GPIO_ConfigPin
                0x200018ca       0xc6 src\common_f4.o
                0x200018ca                GPIO_ConfigPin
 .text.EXTI_Config
                0x20001990       0xa0 src\common_f4.o
                0x20001990                EXTI_Config
 .text.vsqrtf   0x20001a30       0x2a src\common_f4.o
                0x20001a30                vsqrtf
 .text.main     0x20001a5a       0x12 src\main.o
                0x20001a5a                main
 .text.LL_SPI_Enable
                0x20001a6c       0x20 src\spi_f4.o
 .text.LL_SPI_Disable
                0x20001a8c       0x20 src\spi_f4.o
 .text.LL_SPI_SetMode
                0x20001aac       0x26 src\spi_f4.o
 .text.LL_SPI_SetClockPhase
                0x20001ad2       0x26 src\spi_f4.o
 .text.LL_SPI_SetClockPolarity
                0x20001af8       0x26 src\spi_f4.o
 .text.LL_SPI_SetBaudRatePrescaler
                0x20001b1e       0x26 src\spi_f4.o
 .text.LL_SPI_SetTransferBitOrder
                0x20001b44       0x26 src\spi_f4.o
 .text.LL_SPI_SetTransferDirection
                0x20001b6a       0x26 src\spi_f4.o
 .text.LL_SPI_SetDataWidth
                0x20001b90       0x26 src\spi_f4.o
 .text.LL_SPI_DisableCRC
                0x20001bb6       0x20 src\spi_f4.o
 .text.LL_SPI_SetNSSMode
                0x20001bd6       0x38 src\spi_f4.o
 .text.LL_SPI_IsActiveFlag_TXE
                0x20001c0e       0x26 src\spi_f4.o
 .text.LL_SPI_IsActiveFlag_BSY
                0x20001c34       0x26 src\spi_f4.o
 .text.LL_SPI_TransmitData8
                0x20001c5a       0x24 src\spi_f4.o
 *fill*         0x20001c7e        0x2 
 .text.LL_APB1_GRP1_EnableClock
                0x20001c80       0x30 src\spi_f4.o
 .text.LL_APB2_GRP1_EnableClock
                0x20001cb0       0x30 src\spi_f4.o
 .text.spi_Init
                0x20001ce0      0x180 src\spi_f4.o
                0x20001ce0                spi_Init
 .text.spi_TransactionBegin
                0x20001e60       0x42 src\spi_f4.o
                0x20001e60                spi_TransactionBegin
 .text.spi_TransactionEnd
                0x20001ea2       0x46 src\spi_f4.o
                0x20001ea2                spi_TransactionEnd
 .text.spi_SendData16
                0x20001ee8       0x56 src\spi_f4.o
                0x20001ee8                spi_SendData16
 .text.spi_SendData8
                0x20001f3e       0x54 src\spi_f4.o
                0x20001f3e                spi_SendData8
 .text.spi_WriteBidirectionalByte
                0x20001f92       0x58 src\spi_f4.o
                0x20001f92                spi_WriteBidirectionalByte
 .text.spi_ReadBidirectionalByte
                0x20001fea       0x42 src\spi_f4.o
                0x20001fea                spi_ReadBidirectionalByte
 .text.spi_SetPrescaler
                0x2000202c       0x44 src\spi_f4.o
                0x2000202c                spi_SetPrescaler
 .text.spi_CalculatePrescaler
                0x20002070       0x74 src\spi_f4.o
                0x20002070                spi_CalculatePrescaler
 .text.spi_GetPrescalerDivider
                0x200020e4       0x3c src\spi_f4.o
                0x200020e4                spi_GetPrescalerDivider
 .text.spi_SetMode
                0x20002120       0x44 src\spi_f4.o
                0x20002120                spi_SetMode
 .text.spi_WaitForNoBusy
                0x20002164       0x26 src\spi_f4.o
                0x20002164                spi_WaitForNoBusy
 .text.spi_SetDirection
                0x2000218a       0x24 src\spi_f4.o
                0x2000218a                spi_SetDirection
 *fill*         0x200021ae        0x2 
 .text.Reset_Handler
                0x200021b0       0x50 src\startup_stm32f40xx.o
                0x200021b0                Reset_Handler
 .text.Default_Handler
                0x20002200        0x2 src\startup_stm32f40xx.o
                0x20002200                RTC_Alarm_IRQHandler
                0x20002200                HASH_RNG_IRQHandler
                0x20002200                EXTI2_IRQHandler
                0x20002200                TIM8_CC_IRQHandler
                0x20002200                TIM1_CC_IRQHandler
                0x20002200                DMA2_Stream5_IRQHandler
                0x20002200                DMA1_Stream5_IRQHandler
                0x20002200                PVD_IRQHandler
                0x20002200                SDIO_IRQHandler
                0x20002200                TAMP_STAMP_IRQHandler
                0x20002200                CAN2_RX1_IRQHandler
                0x20002200                EXTI3_IRQHandler
                0x20002200                TIM8_TRG_COM_TIM14_IRQHandler
                0x20002200                TIM1_UP_TIM10_IRQHandler
                0x20002200                TIM8_UP_TIM13_IRQHandler
                0x20002200                I2C3_ER_IRQHandler
                0x20002200                EXTI0_IRQHandler
                0x20002200                I2C2_EV_IRQHandler
                0x20002200                DMA1_Stream2_IRQHandler
                0x20002200                CAN1_RX0_IRQHandler
                0x20002200                FPU_IRQHandler
                0x20002200                OTG_HS_WKUP_IRQHandler
                0x20002200                CAN2_SCE_IRQHandler
                0x20002200                DMA2_Stream2_IRQHandler
                0x20002200                SPI1_IRQHandler
                0x20002200                TIM6_DAC_IRQHandler
                0x20002200                TIM1_BRK_TIM9_IRQHandler
                0x20002200                DCMI_IRQHandler
                0x20002200                CAN2_RX0_IRQHandler
                0x20002200                DMA2_Stream3_IRQHandler
                0x20002200                USART6_IRQHandler
                0x20002200                USART3_IRQHandler
                0x20002200                CRYP_IRQHandler
                0x20002200                CAN1_RX1_IRQHandler
                0x20002200                UART5_IRQHandler
                0x20002200                DMA2_Stream0_IRQHandler
                0x20002200                TIM4_IRQHandler
                0x20002200                I2C1_EV_IRQHandler
                0x20002200                DMA1_Stream6_IRQHandler
                0x20002200                DMA1_Stream1_IRQHandler
                0x20002200                UART4_IRQHandler
                0x20002200                TIM3_IRQHandler
                0x20002200                RCC_IRQHandler
                0x20002200                TIM8_BRK_TIM12_IRQHandler
                0x20002200                Default_Handler
                0x20002200                EXTI15_10_IRQHandler
                0x20002200                ADC_IRQHandler
                0x20002200                DMA1_Stream7_IRQHandler
                0x20002200                TIM7_IRQHandler
                0x20002200                CAN2_TX_IRQHandler
                0x20002200                TIM5_IRQHandler
                0x20002200                DMA2_Stream7_IRQHandler
                0x20002200                I2C3_EV_IRQHandler
                0x20002200                EXTI9_5_IRQHandler
                0x20002200                RTC_WKUP_IRQHandler
                0x20002200                ETH_WKUP_IRQHandler
                0x20002200                SPI2_IRQHandler
                0x20002200                OTG_HS_EP1_IN_IRQHandler
                0x20002200                DMA1_Stream0_IRQHandler
                0x20002200                CAN1_TX_IRQHandler
                0x20002200                EXTI4_IRQHandler
                0x20002200                FSMC_IRQHandler
                0x20002200                ETH_IRQHandler
                0x20002200                OTG_HS_EP1_OUT_IRQHandler
                0x20002200                WWDG_IRQHandler
                0x20002200                TIM2_IRQHandler
                0x20002200                OTG_FS_WKUP_IRQHandler
                0x20002200                TIM1_TRG_COM_TIM11_IRQHandler
                0x20002200                OTG_HS_IRQHandler
                0x20002200                EXTI1_IRQHandler
                0x20002200                USART2_IRQHandler
                0x20002200                I2C2_ER_IRQHandler
                0x20002200                DMA2_Stream1_IRQHandler
                0x20002200                CAN1_SCE_IRQHandler
                0x20002200                FLASH_IRQHandler
                0x20002200                DMA2_Stream4_IRQHandler
                0x20002200                USART1_IRQHandler
                0x20002200                OTG_FS_IRQHandler
                0x20002200                SPI3_IRQHandler
                0x20002200                DMA1_Stream4_IRQHandler
                0x20002200                I2C1_ER_IRQHandler
                0x20002200                DMA2_Stream6_IRQHandler
                0x20002200                DMA1_Stream3_IRQHandler
 .text.NMI_Handler
                0x20002202        0xe src\stm32f4xx_it.o
                0x20002202                NMI_Handler
 .text.HardFault_Handler
                0x20002210        0x6 src\stm32f4xx_it.o
                0x20002210                HardFault_Handler
 .text.MemManage_Handler
                0x20002216        0x6 src\stm32f4xx_it.o
                0x20002216                MemManage_Handler
 .text.BusFault_Handler
                0x2000221c        0x6 src\stm32f4xx_it.o
                0x2000221c                BusFault_Handler
 .text.UsageFault_Handler
                0x20002222        0x6 src\stm32f4xx_it.o
                0x20002222                UsageFault_Handler
 .text.SVC_Handler
                0x20002228        0xe src\stm32f4xx_it.o
                0x20002228                SVC_Handler
 .text.DebugMon_Handler
                0x20002236        0xe src\stm32f4xx_it.o
                0x20002236                DebugMon_Handler
 .text.PendSV_Handler
                0x20002244        0xe src\stm32f4xx_it.o
                0x20002244                PendSV_Handler
 .text.SysTick_Handler
                0x20002252        0xe src\stm32f4xx_it.o
                0x20002252                SysTick_Handler
 .text.SystemInit
                0x20002260       0x24 src\system_stm32f4xx.o
                0x20002260                SystemInit
 .text.SystemCoreClockUpdate
                0x20002284       0xf4 src\system_stm32f4xx.o
                0x20002284                SystemCoreClockUpdate
 .text.ts_itoa  0x20002378       0x92 src\tiny_printf.o
                0x20002378                ts_itoa
 .text.ts_formatstring
                0x2000240a      0x12e src\tiny_printf.o
                0x2000240a                ts_formatstring
 .text.ts_formatlength
                0x20002538      0x12c src\tiny_printf.o
                0x20002538                ts_formatlength
 .text.siprintf
                0x20002664       0x2c src\tiny_printf.o
                0x20002664                siprintf
                0x20002664                sprintf
 .text.fiprintf
                0x20002690       0x9a src\tiny_printf.o
                0x20002690                fiprintf
                0x20002690                fprintf
 .text.iprintf  0x2000272a       0x92 src\tiny_printf.o
                0x2000272a                iprintf
                0x2000272a                printf
 .text.fputs    0x200027bc       0x68 src\tiny_printf.o
                0x200027bc                fputs
 .text.puts     0x20002824       0x58 src\tiny_printf.o
                0x20002824                puts
 .text.fwrite   0x2000287c       0x38 src\tiny_printf.o
                0x2000287c                fwrite
 .text.__libc_init_array
                0x200028b4       0x48 c:/program files (x86)/atollic/truestudio for stm32 9.3.0/armtools/bin/../lib/gcc/arm-atollic-eabi/6.3.1/../../../../arm-atollic-eabi/lib/armv7e-m/fpu\libc_nano.a(lib_a-init.o)
                0x200028b4                __libc_init_array
 .text._write   0x200028fc       0x10 c:/program files (x86)/atollic/truestudio for stm32 9.3.0/armtools/bin/../lib/gcc/arm-atollic-eabi/6.3.1/../../../../arm-atollic-eabi/lib/armv7e-m/fpu\libnosys.a(write.o)
                0x200028fc                _write
 *(.init)
 .init          0x2000290c        0x4 c:/program files (x86)/atollic/truestudio for stm32 9.3.0/armtools/bin/../lib/gcc/arm-atollic-eabi/6.3.1/armv7e-m/fpu/crti.o
                0x2000290c                _init
 .init          0x20002910        0x8 c:/program files (x86)/atollic/truestudio for stm32 9.3.0/armtools/bin/../lib/gcc/arm-atollic-eabi/6.3.1/armv7e-m/fpu/crtn.o
 *(.fini)
 .fini          0x20002918        0x4 c:/program files (x86)/atollic/truestudio for stm32 9.3.0/armtools/bin/../lib/gcc/arm-atollic-eabi/6.3.1/armv7e-m/fpu/crti.o
                0x20002918                _fini
 .fini          0x2000291c        0x8 c:/program files (x86)/atollic/truestudio for stm32 9.3.0/armtools/bin/../lib/gcc/arm-atollic-eabi/6.3.1/armv7e-m/fpu/crtn.o
                0x20002924                . = ALIGN (0x4)
                0x20002924                _etext = .

.glue_7         0x20002924        0x0
 .glue_7        0x20002924        0x0 linker stubs

.glue_7t        0x20002924        0x0
 .glue_7t       0x20002924        0x0 linker stubs

.vfp11_veneer   0x20002924        0x0
 .vfp11_veneer  0x20002924        0x0 linker stubs

.v4_bx          0x20002924        0x0
 .v4_bx         0x20002924        0x0 linker stubs

.iplt           0x20002924        0x0
 .iplt          0x20002924        0x0 c:/program files (x86)/atollic/truestudio for stm32 9.3.0/armtools/bin/../lib/gcc/arm-atollic-eabi/6.3.1/armv7e-m/fpu/crtbegin.o

.Dev_info       0x20002924       0xc8
 *Dev_Inf.o(.rodata*)
 .rodata.StorageInfo
                0x20002924       0xc8 src\Dev_Inf.o
                0x20002924                StorageInfo

.rodata         0x200029ec      0x134
                0x200029ec                . = ALIGN (0x4)
 *(.rodata)
 .rodata        0x200029ec       0x4e src\Flash25.o
 *fill*         0x20002a3a        0x2 
 .rodata        0x20002a3c        0xf src\spi_f4.o
 *fill*         0x20002a4b        0x1 
 .rodata        0x20002a4c        0x2 src\tiny_printf.o
 *(.rodata*)
 *fill*         0x20002a4e        0x2 
 .rodata.g_F25types
                0x20002a50       0x60 src\Flash25.o
 .rodata.arrLines.7035
                0x20002ab0       0x40 src\common_f4.o
 .rodata.spi1_hw
                0x20002af0        0x8 src\spi_f4.o
                0x20002af0                spi1_hw
 .rodata.spi2_hw
                0x20002af8        0x8 src\spi_f4.o
                0x20002af8                spi2_hw
 .rodata.spi3_hw
                0x20002b00        0x8 src\spi_f4.o
                0x20002b00                spi3_hw
 .rodata.AHBPrescTable
                0x20002b08       0x10 src\system_stm32f4xx.o
                0x20002b08                AHBPrescTable
 .rodata.APBPrescTable
                0x20002b18        0x8 src\system_stm32f4xx.o
                0x20002b18                APBPrescTable
                0x20002b20                . = ALIGN (0x4)

.eh_frame       0x20002b20        0x4
 .eh_frame      0x20002b20        0x0 c:/program files (x86)/atollic/truestudio for stm32 9.3.0/armtools/bin/../lib/gcc/arm-atollic-eabi/6.3.1/armv7e-m/fpu/crtbegin.o
 .eh_frame      0x20002b20        0x4 c:/program files (x86)/atollic/truestudio for stm32 9.3.0/armtools/bin/../lib/gcc/arm-atollic-eabi/6.3.1/armv7e-m/fpu/crtend.o

.rel.dyn        0x20002b24        0x0
 .rel.iplt      0x20002b24        0x0 c:/program files (x86)/atollic/truestudio for stm32 9.3.0/armtools/bin/../lib/gcc/arm-atollic-eabi/6.3.1/armv7e-m/fpu/crtbegin.o

._user_heap_stack
                0x20002b24      0x600
                0x20002b24                . = ALIGN (0x4)
                [!provide]                PROVIDE (end, .)
                [!provide]                PROVIDE (_end, .)
                0x20002d24                . = (. + _Min_Heap_Size)
 *fill*         0x20002b24      0x200 
                0x20003124                . = (. + _Min_Stack_Size)
 *fill*         0x20002d24      0x400 
                0x20003124                . = ALIGN (0x4)

.ARM.attributes
                0x00000000       0x30
 *(.ARM.attributes)
 .ARM.attributes
                0x00000000       0x22 c:/program files (x86)/atollic/truestudio for stm32 9.3.0/armtools/bin/../lib/gcc/arm-atollic-eabi/6.3.1/armv7e-m/fpu/crti.o
 .ARM.attributes
                0x00000022       0x34 c:/program files (x86)/atollic/truestudio for stm32 9.3.0/armtools/bin/../lib/gcc/arm-atollic-eabi/6.3.1/armv7e-m/fpu/crtbegin.o
 .ARM.attributes
                0x00000056       0x39 Libraries\LL_Driver\Src\stm32f4xx_ll_rcc.o
 .ARM.attributes
                0x0000008f       0x39 src\Dev_Inf.o
 .ARM.attributes
                0x000000c8       0x39 src\Flash25.o
 .ARM.attributes
                0x00000101       0x39 src\Loader_Src.o
 .ARM.attributes
                0x0000013a       0x39 src\common_f4.o
 .ARM.attributes
                0x00000173       0x39 src\main.o
 .ARM.attributes
                0x000001ac       0x39 src\spi_f4.o
 .ARM.attributes
                0x000001e5       0x21 src\startup_stm32f40xx.o
 .ARM.attributes
                0x00000206       0x39 src\stm32f4xx_it.o
 .ARM.attributes
                0x0000023f       0x39 src\system_stm32f4xx.o
 .ARM.attributes
                0x00000278       0x39 src\tiny_printf.o
 .ARM.attributes
                0x000002b1       0x34 c:/program files (x86)/atollic/truestudio for stm32 9.3.0/armtools/bin/../lib/gcc/arm-atollic-eabi/6.3.1/../../../../arm-atollic-eabi/lib/armv7e-m/fpu\libc_nano.a(lib_a-init.o)
 .ARM.attributes
                0x000002e5       0x1b c:/program files (x86)/atollic/truestudio for stm32 9.3.0/armtools/bin/../lib/gcc/arm-atollic-eabi/6.3.1/../../../../arm-atollic-eabi/lib/armv7e-m/fpu\libc_nano.a(lib_a-strlen.o)
 .ARM.attributes
                0x00000300       0x34 c:/program files (x86)/atollic/truestudio for stm32 9.3.0/armtools/bin/../lib/gcc/arm-atollic-eabi/6.3.1/../../../../arm-atollic-eabi/lib/armv7e-m/fpu\libnosys.a(write.o)
 .ARM.attributes
                0x00000334       0x34 c:/program files (x86)/atollic/truestudio for stm32 9.3.0/armtools/bin/../lib/gcc/arm-atollic-eabi/6.3.1/../../../../arm-atollic-eabi/lib/armv7e-m/fpu\libnosys.a(errno.o)
 .ARM.attributes
                0x00000368       0x34 c:/program files (x86)/atollic/truestudio for stm32 9.3.0/armtools/bin/../lib/gcc/arm-atollic-eabi/6.3.1/armv7e-m/fpu/crtend.o
 .ARM.attributes
                0x0000039c       0x22 c:/program files (x86)/atollic/truestudio for stm32 9.3.0/armtools/bin/../lib/gcc/arm-atollic-eabi/6.3.1/armv7e-m/fpu/crtn.o
OUTPUT(ExternalLoader_401.elf elf32-littlearm)

.debug_info     0x00000000     0x689d
 .debug_info    0x00000000      0x799 Libraries\LL_Driver\Src\stm32f4xx_ll_rcc.o
 .debug_info    0x00000799      0x59c src\Dev_Inf.o
 .debug_info    0x00000d35      0xec6 src\Flash25.o
 .debug_info    0x00001bfb      0xf44 src\Loader_Src.o
 .debug_info    0x00002b3f     0x10f5 src\common_f4.o
 .debug_info    0x00003c34      0x503 src\main.o
 .debug_info    0x00004137     0x1384 src\spi_f4.o
 .debug_info    0x000054bb       0x93 src\startup_stm32f40xx.o
 .debug_info    0x0000554e      0x1af src\stm32f4xx_it.o
 .debug_info    0x000056fd      0x528 src\system_stm32f4xx.o
 .debug_info    0x00005c25      0xc78 src\tiny_printf.o

.debug_abbrev   0x00000000     0x10f4
 .debug_abbrev  0x00000000      0x1cd Libraries\LL_Driver\Src\stm32f4xx_ll_rcc.o
 .debug_abbrev  0x000001cd      0x12b src\Dev_Inf.o
 .debug_abbrev  0x000002f8      0x244 src\Flash25.o
 .debug_abbrev  0x0000053c      0x1df src\Loader_Src.o
 .debug_abbrev  0x0000071b      0x241 src\common_f4.o
 .debug_abbrev  0x0000095c      0x138 src\main.o
 .debug_abbrev  0x00000a94      0x24d src\spi_f4.o
 .debug_abbrev  0x00000ce1       0x12 src\startup_stm32f40xx.o
 .debug_abbrev  0x00000cf3       0x91 src\stm32f4xx_it.o
 .debug_abbrev  0x00000d84      0x10e src\system_stm32f4xx.o
 .debug_abbrev  0x00000e92      0x262 src\tiny_printf.o

.debug_aranges  0x00000000      0x518
 .debug_aranges
                0x00000000      0x110 Libraries\LL_Driver\Src\stm32f4xx_ll_rcc.o
 .debug_aranges
                0x00000110       0x18 src\Dev_Inf.o
 .debug_aranges
                0x00000128       0xa0 src\Flash25.o
 .debug_aranges
                0x000001c8       0x60 src\Loader_Src.o
 .debug_aranges
                0x00000228       0xc0 src\common_f4.o
 .debug_aranges
                0x000002e8       0x20 src\main.o
 .debug_aranges
                0x00000308      0x100 src\spi_f4.o
 .debug_aranges
                0x00000408       0x28 src\startup_stm32f40xx.o
 .debug_aranges
                0x00000430       0x60 src\stm32f4xx_it.o
 .debug_aranges
                0x00000490       0x28 src\system_stm32f4xx.o
 .debug_aranges
                0x000004b8       0x60 src\tiny_printf.o

.debug_ranges   0x00000000      0x468
 .debug_ranges  0x00000000      0x100 Libraries\LL_Driver\Src\stm32f4xx_ll_rcc.o
 .debug_ranges  0x00000100       0x90 src\Flash25.o
 .debug_ranges  0x00000190       0x50 src\Loader_Src.o
 .debug_ranges  0x000001e0       0xb0 src\common_f4.o
 .debug_ranges  0x00000290       0x10 src\main.o
 .debug_ranges  0x000002a0       0xf0 src\spi_f4.o
 .debug_ranges  0x00000390       0x20 src\startup_stm32f40xx.o
 .debug_ranges  0x000003b0       0x50 src\stm32f4xx_it.o
 .debug_ranges  0x00000400       0x18 src\system_stm32f4xx.o
 .debug_ranges  0x00000418       0x50 src\tiny_printf.o

.debug_line     0x00000000     0x2207
 .debug_line    0x00000000      0x4e8 Libraries\LL_Driver\Src\stm32f4xx_ll_rcc.o
 .debug_line    0x000004e8      0x1f5 src\Dev_Inf.o
 .debug_line    0x000006dd      0x3c1 src\Flash25.o
 .debug_line    0x00000a9e      0x3cc src\Loader_Src.o
 .debug_line    0x00000e6a      0x4ff src\common_f4.o
 .debug_line    0x00001369      0x1fc src\main.o
 .debug_line    0x00001565      0x575 src\spi_f4.o
 .debug_line    0x00001ada       0x7a src\startup_stm32f40xx.o
 .debug_line    0x00001b54      0x227 src\stm32f4xx_it.o
 .debug_line    0x00001d7b      0x1cd src\system_stm32f4xx.o
 .debug_line    0x00001f48      0x2bf src\tiny_printf.o

.debug_str      0x00000000     0x1eae
 .debug_str     0x00000000      0x6ea Libraries\LL_Driver\Src\stm32f4xx_ll_rcc.o
                                0x74c (size before relaxing)
 .debug_str     0x000006ea      0x5b2 src\Dev_Inf.o
                                0x7e0 (size before relaxing)
 .debug_str     0x00000c9c      0x500 src\Flash25.o
                                0xc56 (size before relaxing)
 .debug_str     0x0000119c      0x16c src\Loader_Src.o
                                0xa83 (size before relaxing)
 .debug_str     0x00001308      0x30d src\common_f4.o
                                0x8b5 (size before relaxing)
 .debug_str     0x00001615       0x13 src\main.o
                                0x755 (size before relaxing)
 .debug_str     0x00001628      0x310 src\spi_f4.o
                                0xecc (size before relaxing)
 .debug_str     0x00001938       0xa6 src\stm32f4xx_it.o
                                0x2be (size before relaxing)
 .debug_str     0x000019de       0x4c src\system_stm32f4xx.o
                                0x3d0 (size before relaxing)
 .debug_str     0x00001a2a      0x484 src\tiny_printf.o
                                0x6a5 (size before relaxing)

.comment        0x00000000       0x7c
 .comment       0x00000000       0x7c Libraries\LL_Driver\Src\stm32f4xx_ll_rcc.o
                                 0x7d (size before relaxing)
 .comment       0x0000007c       0x7d src\Dev_Inf.o
 .comment       0x0000007c       0x7d src\Flash25.o
 .comment       0x0000007c       0x7d src\Loader_Src.o
 .comment       0x0000007c       0x7d src\common_f4.o
 .comment       0x0000007c       0x7d src\main.o
 .comment       0x0000007c       0x7d src\spi_f4.o
 .comment       0x0000007c       0x7d src\stm32f4xx_it.o
 .comment       0x0000007c       0x7d src\system_stm32f4xx.o
 .comment       0x0000007c       0x7d src\tiny_printf.o

.debug_frame    0x00000000     0x134c
 .debug_frame   0x00000000      0x43c Libraries\LL_Driver\Src\stm32f4xx_ll_rcc.o
 .debug_frame   0x0000043c      0x250 src\Flash25.o
 .debug_frame   0x0000068c      0x154 src\Loader_Src.o
 .debug_frame   0x000007e0      0x354 src\common_f4.o
 .debug_frame   0x00000b34       0x2c src\main.o
 .debug_frame   0x00000b60      0x47c src\spi_f4.o
 .debug_frame   0x00000fdc      0x110 src\stm32f4xx_it.o
 .debug_frame   0x000010ec       0x58 src\system_stm32f4xx.o
 .debug_frame   0x00001144      0x1bc src\tiny_printf.o
 .debug_frame   0x00001300       0x2c c:/program files (x86)/atollic/truestudio for stm32 9.3.0/armtools/bin/../lib/gcc/arm-atollic-eabi/6.3.1/../../../../arm-atollic-eabi/lib/armv7e-m/fpu\libc_nano.a(lib_a-init.o)
 .debug_frame   0x0000132c       0x20 c:/program files (x86)/atollic/truestudio for stm32 9.3.0/armtools/bin/../lib/gcc/arm-atollic-eabi/6.3.1/../../../../arm-atollic-eabi/lib/armv7e-m/fpu\libnosys.a(write.o)

.stab           0x00000000       0x24
 .stab          0x00000000       0x24 c:/program files (x86)/atollic/truestudio for stm32 9.3.0/armtools/bin/../lib/gcc/arm-atollic-eabi/6.3.1/../../../../arm-atollic-eabi/lib/armv7e-m/fpu\libnosys.a(write.o)

.stabstr        0x00000000       0x3f
 .stabstr       0x00000000       0x3f c:/program files (x86)/atollic/truestudio for stm32 9.3.0/armtools/bin/../lib/gcc/arm-atollic-eabi/6.3.1/../../../../arm-atollic-eabi/lib/armv7e-m/fpu\libnosys.a(write.o)

Cross Reference Table

Symbol                                            File
ADC_IRQHandler                                    src\startup_stm32f40xx.o
AHBPrescTable                                     src\system_stm32f4xx.o
                                                  Libraries\LL_Driver\Src\stm32f4xx_ll_rcc.o
APBPrescTable                                     src\system_stm32f4xx.o
                                                  Libraries\LL_Driver\Src\stm32f4xx_ll_rcc.o
BusFault_Handler                                  src\stm32f4xx_it.o
                                                  src\startup_stm32f40xx.o
CAN1_RX0_IRQHandler                               src\startup_stm32f40xx.o
CAN1_RX1_IRQHandler                               src\startup_stm32f40xx.o
CAN1_SCE_IRQHandler                               src\startup_stm32f40xx.o
CAN1_TX_IRQHandler                                src\startup_stm32f40xx.o
CAN2_RX0_IRQHandler                               src\startup_stm32f40xx.o
CAN2_RX1_IRQHandler                               src\startup_stm32f40xx.o
CAN2_SCE_IRQHandler                               src\startup_stm32f40xx.o
CAN2_TX_IRQHandler                                src\startup_stm32f40xx.o
CRYP_IRQHandler                                   src\startup_stm32f40xx.o
CheckSum                                          src\Loader_Src.o
DCMI_IRQHandler                                   src\startup_stm32f40xx.o
DMA1_Stream0_IRQHandler                           src\startup_stm32f40xx.o
DMA1_Stream1_IRQHandler                           src\startup_stm32f40xx.o
DMA1_Stream2_IRQHandler                           src\startup_stm32f40xx.o
DMA1_Stream3_IRQHandler                           src\startup_stm32f40xx.o
DMA1_Stream4_IRQHandler                           src\startup_stm32f40xx.o
DMA1_Stream5_IRQHandler                           src\startup_stm32f40xx.o
DMA1_Stream6_IRQHandler                           src\startup_stm32f40xx.o
DMA1_Stream7_IRQHandler                           src\startup_stm32f40xx.o
DMA2_Stream0_IRQHandler                           src\startup_stm32f40xx.o
DMA2_Stream1_IRQHandler                           src\startup_stm32f40xx.o
DMA2_Stream2_IRQHandler                           src\startup_stm32f40xx.o
DMA2_Stream3_IRQHandler                           src\startup_stm32f40xx.o
DMA2_Stream4_IRQHandler                           src\startup_stm32f40xx.o
DMA2_Stream5_IRQHandler                           src\startup_stm32f40xx.o
DMA2_Stream6_IRQHandler                           src\startup_stm32f40xx.o
DMA2_Stream7_IRQHandler                           src\startup_stm32f40xx.o
DebugMon_Handler                                  src\stm32f4xx_it.o
                                                  src\startup_stm32f40xx.o
Default_Handler                                   src\startup_stm32f40xx.o
ETH_IRQHandler                                    src\startup_stm32f40xx.o
ETH_WKUP_IRQHandler                               src\startup_stm32f40xx.o
EXTI0_IRQHandler                                  src\startup_stm32f40xx.o
EXTI15_10_IRQHandler                              src\startup_stm32f40xx.o
EXTI1_IRQHandler                                  src\startup_stm32f40xx.o
EXTI2_IRQHandler                                  src\startup_stm32f40xx.o
EXTI3_IRQHandler                                  src\startup_stm32f40xx.o
EXTI4_IRQHandler                                  src\startup_stm32f40xx.o
EXTI9_5_IRQHandler                                src\startup_stm32f40xx.o
EXTI_Config                                       src\common_f4.o
FLASH_IRQHandler                                  src\startup_stm32f40xx.o
FPU_IRQHandler                                    src\startup_stm32f40xx.o
FSMC_IRQHandler                                   src\startup_stm32f40xx.o
Flash25_Block32Erase                              src\Flash25.o
Flash25_Block64Erase                              src\Flash25.o
Flash25_ChipErase                                 src\Flash25.o
                                                  src\Loader_Src.o
Flash25_GetPages                                  src\Flash25.o
Flash25_GetSectors                                src\Flash25.o
Flash25_GetStatus                                 src\Flash25.o
Flash25_Init                                      src\Flash25.o
                                                  src\Loader_Src.o
Flash25_IsPresent                                 src\Flash25.o
Flash25_ReadData                                  src\Flash25.o
                                                  src\Loader_Src.o
Flash25_SectorErase                               src\Flash25.o
                                                  src\Loader_Src.o
Flash25_Send24bit                                 src\Flash25.o
Flash25_SetDeepPower                              src\Flash25.o
Flash25_WriteData                                 src\Flash25.o
                                                  src\Loader_Src.o
Flash25_WriteEnable                               src\Flash25.o
FlashF25_GetID                                    src\Flash25.o
FlashF25_GetTypeString                            src\Flash25.o
FlashF25_WriteDisable                             src\Flash25.o
GPIO_ClockDisable                                 src\common_f4.o
GPIO_ClockEnable                                  src\common_f4.o
                                                  src\Flash25.o
GPIO_ConfigPin                                    src\common_f4.o
                                                  src\spi_f4.o
                                                  src\Flash25.o
GPIO_GetPin                                       src\common_f4.o
GPIO_GetPinSource                                 src\common_f4.o
GPIO_GetPort                                      src\common_f4.o
GPIO_SetAFpin                                     src\common_f4.o
                                                  src\spi_f4.o
HASH_RNG_IRQHandler                               src\startup_stm32f40xx.o
HardFault_Handler                                 src\stm32f4xx_it.o
                                                  src\startup_stm32f40xx.o
I2C1_ER_IRQHandler                                src\startup_stm32f40xx.o
I2C1_EV_IRQHandler                                src\startup_stm32f40xx.o
I2C2_ER_IRQHandler                                src\startup_stm32f40xx.o
I2C2_EV_IRQHandler                                src\startup_stm32f40xx.o
I2C3_ER_IRQHandler                                src\startup_stm32f40xx.o
I2C3_EV_IRQHandler                                src\startup_stm32f40xx.o
Init                                              src\Loader_Src.o
LL_RCC_DeInit                                     Libraries\LL_Driver\Src\stm32f4xx_ll_rcc.o
LL_RCC_GetI2SClockFreq                            Libraries\LL_Driver\Src\stm32f4xx_ll_rcc.o
LL_RCC_GetSDIOClockFreq                           Libraries\LL_Driver\Src\stm32f4xx_ll_rcc.o
LL_RCC_GetSystemClocksFreq                        Libraries\LL_Driver\Src\stm32f4xx_ll_rcc.o
                                                  src\spi_f4.o
LL_RCC_GetUSBClockFreq                            Libraries\LL_Driver\Src\stm32f4xx_ll_rcc.o
LOC_LedOff                                        src\Loader_Src.o
LOC_LedOn                                         src\Loader_Src.o
MassErase                                         src\Loader_Src.o
MemManage_Handler                                 src\stm32f4xx_it.o
                                                  src\startup_stm32f40xx.o
NMI_Handler                                       src\stm32f4xx_it.o
                                                  src\startup_stm32f40xx.o
OTG_FS_IRQHandler                                 src\startup_stm32f40xx.o
OTG_FS_WKUP_IRQHandler                            src\startup_stm32f40xx.o
OTG_HS_EP1_IN_IRQHandler                          src\startup_stm32f40xx.o
OTG_HS_EP1_OUT_IRQHandler                         src\startup_stm32f40xx.o
OTG_HS_IRQHandler                                 src\startup_stm32f40xx.o
OTG_HS_WKUP_IRQHandler                            src\startup_stm32f40xx.o
PVD_IRQHandler                                    src\startup_stm32f40xx.o
PendSV_Handler                                    src\stm32f4xx_it.o
                                                  src\startup_stm32f40xx.o
RCC_GetHCLKClockFreq                              Libraries\LL_Driver\Src\stm32f4xx_ll_rcc.o
RCC_GetPCLK1ClockFreq                             Libraries\LL_Driver\Src\stm32f4xx_ll_rcc.o
RCC_GetPCLK2ClockFreq                             Libraries\LL_Driver\Src\stm32f4xx_ll_rcc.o
RCC_GetSystemClockFreq                            Libraries\LL_Driver\Src\stm32f4xx_ll_rcc.o
RCC_IRQHandler                                    src\startup_stm32f40xx.o
RCC_PLLI2S_GetFreqDomain_I2S                      Libraries\LL_Driver\Src\stm32f4xx_ll_rcc.o
RCC_PLL_GetFreqDomain_48M                         Libraries\LL_Driver\Src\stm32f4xx_ll_rcc.o
RCC_PLL_GetFreqDomain_SYS                         Libraries\LL_Driver\Src\stm32f4xx_ll_rcc.o
RTC_Alarm_IRQHandler                              src\startup_stm32f40xx.o
RTC_WKUP_IRQHandler                               src\startup_stm32f40xx.o
Read                                              src\Loader_Src.o
Reset_Handler                                     src\startup_stm32f40xx.o
SDIO_IRQHandler                                   src\startup_stm32f40xx.o
SPI1_IRQHandler                                   src\startup_stm32f40xx.o
SPI2_IRQHandler                                   src\startup_stm32f40xx.o
SPI3_IRQHandler                                   src\startup_stm32f40xx.o
SVC_Handler                                       src\stm32f4xx_it.o
                                                  src\startup_stm32f40xx.o
SectorErase                                       src\Loader_Src.o
StorageInfo                                       src\Dev_Inf.o
SysTick_Handler                                   src\stm32f4xx_it.o
                                                  src\startup_stm32f40xx.o
SystemCoreClock                                   src\system_stm32f4xx.o
SystemCoreClockUpdate                             src\system_stm32f4xx.o
SystemInit                                        src\system_stm32f4xx.o
                                                  src\startup_stm32f40xx.o
                                                  src\Loader_Src.o
TAMP_STAMP_IRQHandler                             src\startup_stm32f40xx.o
TIM1_BRK_TIM9_IRQHandler                          src\startup_stm32f40xx.o
TIM1_CC_IRQHandler                                src\startup_stm32f40xx.o
TIM1_TRG_COM_TIM11_IRQHandler                     src\startup_stm32f40xx.o
TIM1_UP_TIM10_IRQHandler                          src\startup_stm32f40xx.o
TIM2_IRQHandler                                   src\startup_stm32f40xx.o
TIM3_IRQHandler                                   src\startup_stm32f40xx.o
TIM4_IRQHandler                                   src\startup_stm32f40xx.o
TIM5_IRQHandler                                   src\startup_stm32f40xx.o
TIM6_DAC_IRQHandler                               src\startup_stm32f40xx.o
TIM7_IRQHandler                                   src\startup_stm32f40xx.o
TIM8_BRK_TIM12_IRQHandler                         src\startup_stm32f40xx.o
TIM8_CC_IRQHandler                                src\startup_stm32f40xx.o
TIM8_TRG_COM_TIM14_IRQHandler                     src\startup_stm32f40xx.o
TIM8_UP_TIM13_IRQHandler                          src\startup_stm32f40xx.o
UART4_IRQHandler                                  src\startup_stm32f40xx.o
UART5_IRQHandler                                  src\startup_stm32f40xx.o
USART1_IRQHandler                                 src\startup_stm32f40xx.o
USART2_IRQHandler                                 src\startup_stm32f40xx.o
USART3_IRQHandler                                 src\startup_stm32f40xx.o
USART6_IRQHandler                                 src\startup_stm32f40xx.o
UsageFault_Handler                                src\stm32f4xx_it.o
                                                  src\startup_stm32f40xx.o
Verify                                            src\Loader_Src.o
WWDG_IRQHandler                                   src\startup_stm32f40xx.o
Write                                             src\Loader_Src.o
__deregister_frame_info                           c:/program files (x86)/atollic/truestudio for stm32 9.3.0/armtools/bin/../lib/gcc/arm-atollic-eabi/6.3.1/armv7e-m/fpu/crtbegin.o
__dso_handle                                      c:/program files (x86)/atollic/truestudio for stm32 9.3.0/armtools/bin/../lib/gcc/arm-atollic-eabi/6.3.1/armv7e-m/fpu/crtbegin.o
__init_array_end                                  c:/program files (x86)/atollic/truestudio for stm32 9.3.0/armtools/bin/../lib/gcc/arm-atollic-eabi/6.3.1/../../../../arm-atollic-eabi/lib/armv7e-m/fpu\libc_nano.a(lib_a-init.o)
__init_array_start                                c:/program files (x86)/atollic/truestudio for stm32 9.3.0/armtools/bin/../lib/gcc/arm-atollic-eabi/6.3.1/../../../../arm-atollic-eabi/lib/armv7e-m/fpu\libc_nano.a(lib_a-init.o)
__libc_init_array                                 c:/program files (x86)/atollic/truestudio for stm32 9.3.0/armtools/bin/../lib/gcc/arm-atollic-eabi/6.3.1/../../../../arm-atollic-eabi/lib/armv7e-m/fpu\libc_nano.a(lib_a-init.o)
                                                  src\startup_stm32f40xx.o
__preinit_array_end                               c:/program files (x86)/atollic/truestudio for stm32 9.3.0/armtools/bin/../lib/gcc/arm-atollic-eabi/6.3.1/../../../../arm-atollic-eabi/lib/armv7e-m/fpu\libc_nano.a(lib_a-init.o)
__preinit_array_start                             c:/program files (x86)/atollic/truestudio for stm32 9.3.0/armtools/bin/../lib/gcc/arm-atollic-eabi/6.3.1/../../../../arm-atollic-eabi/lib/armv7e-m/fpu\libc_nano.a(lib_a-init.o)
__register_frame_info                             c:/program files (x86)/atollic/truestudio for stm32 9.3.0/armtools/bin/../lib/gcc/arm-atollic-eabi/6.3.1/armv7e-m/fpu/crtbegin.o
_ebss                                             src\startup_stm32f40xx.o
_edata                                            src\startup_stm32f40xx.o
_estack                                           src\startup_stm32f40xx.o
_fini                                             c:/program files (x86)/atollic/truestudio for stm32 9.3.0/armtools/bin/../lib/gcc/arm-atollic-eabi/6.3.1/armv7e-m/fpu/crti.o
_init                                             c:/program files (x86)/atollic/truestudio for stm32 9.3.0/armtools/bin/../lib/gcc/arm-atollic-eabi/6.3.1/armv7e-m/fpu/crti.o
                                                  c:/program files (x86)/atollic/truestudio for stm32 9.3.0/armtools/bin/../lib/gcc/arm-atollic-eabi/6.3.1/../../../../arm-atollic-eabi/lib/armv7e-m/fpu\libc_nano.a(lib_a-init.o)
_sbss                                             src\startup_stm32f40xx.o
_sdata                                            src\startup_stm32f40xx.o
_sidata                                           src\startup_stm32f40xx.o
_spi1_drv                                         src\spi_f4.o
                                                  src\Loader_Src.o
_spi2_drv                                         src\spi_f4.o
_spi3_drv                                         src\spi_f4.o
_write                                            c:/program files (x86)/atollic/truestudio for stm32 9.3.0/armtools/bin/../lib/gcc/arm-atollic-eabi/6.3.1/../../../../arm-atollic-eabi/lib/armv7e-m/fpu\libnosys.a(write.o)
                                                  src\tiny_printf.o
errno                                             c:/program files (x86)/atollic/truestudio for stm32 9.3.0/armtools/bin/../lib/gcc/arm-atollic-eabi/6.3.1/../../../../arm-atollic-eabi/lib/armv7e-m/fpu\libnosys.a(errno.o)
                                                  c:/program files (x86)/atollic/truestudio for stm32 9.3.0/armtools/bin/../lib/gcc/arm-atollic-eabi/6.3.1/../../../../arm-atollic-eabi/lib/armv7e-m/fpu\libnosys.a(write.o)
fiprintf                                          src\tiny_printf.o
fprintf                                           src\tiny_printf.o
fputs                                             src\tiny_printf.o
fwrite                                            src\tiny_printf.o
g_pfnVectors                                      src\startup_stm32f40xx.o
iprintf                                           src\tiny_printf.o
main                                              src\main.o
                                                  src\startup_stm32f40xx.o
printf                                            src\tiny_printf.o
puts                                              src\tiny_printf.o
siprintf                                          src\tiny_printf.o
spi1_hw                                           src\spi_f4.o
spi2_hw                                           src\spi_f4.o
spi3_hw                                           src\spi_f4.o
spi_CalculatePrescaler                            src\spi_f4.o
                                                  src\Flash25.o
spi_GetPrescalerDivider                           src\spi_f4.o
spi_Init                                          src\spi_f4.o
                                                  src\Loader_Src.o
spi_ReadBidirectionalByte                         src\spi_f4.o
spi_SendData16                                    src\spi_f4.o
spi_SendData8                                     src\spi_f4.o
                                                  src\Flash25.o
spi_SetDirection                                  src\spi_f4.o
spi_SetMode                                       src\spi_f4.o
spi_SetPrescaler                                  src\spi_f4.o
spi_TransactionBegin                              src\spi_f4.o
                                                  src\Flash25.o
spi_TransactionEnd                                src\spi_f4.o
                                                  src\Flash25.o
spi_WaitForNoBusy                                 src\spi_f4.o
spi_WriteBidirectionalByte                        src\spi_f4.o
sprintf                                           src\tiny_printf.o
strlen                                            c:/program files (x86)/atollic/truestudio for stm32 9.3.0/armtools/bin/../lib/gcc/arm-atollic-eabi/6.3.1/../../../../arm-atollic-eabi/lib/armv7e-m/fpu\libc_nano.a(lib_a-strlen.o)
                                                  src\tiny_printf.o
ts_formatlength                                   src\tiny_printf.o
ts_formatstring                                   src\tiny_printf.o
ts_itoa                                           src\tiny_printf.o
vsqrtf                                            src\common_f4.o
