stm32f4xx_ll_rtc.h:787:22:LL_RTC_SetHourFormat	16	static
stm32f4xx_ll_rtc.h:800:26:LL_RTC_GetHourFormat	16	static
stm32f4xx_ll_rtc.h:949:22:LL_RTC_EnableInitMode	16	static
stm32f4xx_ll_rtc.h:961:22:LL_RTC_DisableInitMode	16	static
stm32f4xx_ll_rtc.h:1024:26:LL_RTC_IsShadowRegBypassEnabled	16	static
stm32f4xx_ll_rtc.h:1062:22:LL_RTC_SetAsynchPrescaler	16	static
stm32f4xx_ll_rtc.h:1074:22:LL_RTC_SetSynchPrescaler	16	static
stm32f4xx_ll_rtc.h:1107:22:LL_RTC_EnableWriteProtection	16	static
stm32f4xx_ll_rtc.h:1118:22:LL_RTC_DisableWriteProtection	16	static
stm32f4xx_ll_rtc.h:1291:22:LL_RTC_TIME_Config	24	static
stm32f4xx_ll_rtc.h:1621:22:LL_RTC_DATE_Config	24	static
stm32f4xx_ll_rtc.h:1708:22:LL_RTC_ALMA_SetMask	16	static
stm32f4xx_ll_rtc.h:1739:22:LL_RTC_ALMA_EnableWeekday	16	static
stm32f4xx_ll_rtc.h:1750:22:LL_RTC_ALMA_DisableWeekday	16	static
stm32f4xx_ll_rtc.h:1764:22:LL_RTC_ALMA_SetDay	16	static
stm32f4xx_ll_rtc.h:1797:22:LL_RTC_ALMA_SetWeekDay	16	static
stm32f4xx_ll_rtc.h:1949:22:LL_RTC_ALMA_ConfigTime	24	static
stm32f4xx_ll_rtc.h:2074:22:LL_RTC_ALMB_SetMask	16	static
stm32f4xx_ll_rtc.h:2105:22:LL_RTC_ALMB_EnableWeekday	16	static
stm32f4xx_ll_rtc.h:2116:22:LL_RTC_ALMB_DisableWeekday	16	static
stm32f4xx_ll_rtc.h:2130:22:LL_RTC_ALMB_SetDay	16	static
stm32f4xx_ll_rtc.h:2163:22:LL_RTC_ALMB_SetWeekDay	16	static
stm32f4xx_ll_rtc.h:2318:22:LL_RTC_ALMB_ConfigTime	24	static
stm32f4xx_ll_rtc.h:3480:26:LL_RTC_IsActiveFlag_INIT	16	static
stm32f4xx_ll_rtc.h:3491:26:LL_RTC_IsActiveFlag_RS	16	static
stm32f4xx_ll_rtc.h:3502:22:LL_RTC_ClearFlag_RS	16	static
stm32f4xx_ll_cortex.h:231:26:LL_SYSTICK_IsActiveCounterFlag	4	static
stm32f4xx_ll_rtc.c:149:13:LL_RTC_DeInit	24	static
stm32f4xx_ll_rtc.c:210:13:LL_RTC_Init	24	static
stm32f4xx_ll_rtc.c:249:6:LL_RTC_StructInit	16	static
stm32f4xx_ll_rtc.c:269:13:LL_RTC_TIME_Init	56	static
stm32f4xx_ll_rtc.c:351:6:LL_RTC_TIME_StructInit	16	static
stm32f4xx_ll_rtc.c:372:13:LL_RTC_DATE_Init	56	static
stm32f4xx_ll_rtc.c:439:6:LL_RTC_DATE_StructInit	16	static
stm32f4xx_ll_rtc.c:462:13:LL_RTC_ALMA_Init	48	static
stm32f4xx_ll_rtc.c:580:13:LL_RTC_ALMB_Init	48	static
stm32f4xx_ll_rtc.c:690:6:LL_RTC_ALMA_StructInit	16	static
stm32f4xx_ll_rtc.c:712:6:LL_RTC_ALMB_StructInit	16	static
stm32f4xx_ll_rtc.c:737:13:LL_RTC_EnterInitMode	32	static
stm32f4xx_ll_rtc.c:781:13:LL_RTC_ExitInitMode	16	static
stm32f4xx_ll_rtc.c:808:13:LL_RTC_WaitForSynchro	32	static
